{"level":"debug","message":"Marketplace service started","module":"marketplace","timestamp":"2026-03-31T03:42:27.160Z"}
{"level":"debug","message":"Call service started","module":"calls","timestamp":"2026-03-31T03:42:27.161Z"}
{"level":"debug","message":"Player Service started","module":"player","timestamp":"2026-03-31T03:42:27.161Z"}
{"level":"info","message":"Loading NPWD Standalone","timestamp":"2026-03-31T03:42:27.162Z"}
{"level":"debug","message":"Boot service started","module":"boot","timestamp":"2026-03-31T03:42:27.162Z"}
{"level":"debug","message":"Messages service started","module":"messages","timestamp":"2026-03-31T03:42:27.162Z"}
{"level":"debug","message":"Notes service started","module":"notes","timestamp":"2026-03-31T03:42:27.162Z"}
{"level":"debug","message":"Contacts service started","module":"contact","timestamp":"2026-03-31T03:42:27.163Z"}
{"level":"debug","message":"Photo service started","module":"photo","timestamp":"2026-03-31T03:42:27.185Z"}
{"level":"debug","message":"Twitter service started","module":"twitter","timestamp":"2026-03-31T03:42:27.185Z"}
{"level":"debug","message":"Match service started","module":"match","timestamp":"2026-03-31T03:42:27.186Z"}
{"level":"debug","message":"Beginning database schema validation","module":"boot","timestamp":"2026-03-31T03:42:27.374Z"}
{"level":"info","message":"Successfully started","timestamp":"2026-03-31T03:42:27.384Z"}
{"level":"info","message":"Executed query (SELECT COUNT(*) as count\n                       FROM information_schema.tables\n                       WHERE table_schema = ?\n                         AND table_name = ? [\"complexo2\",\"users\"]) in 91.7739ms'","module":"DBInterface","timestamp":"2026-03-31T03:42:27.466Z"}
{"level":"debug","message":"Marketplace service started","module":"marketplace","timestamp":"2026-03-31T03:45:37.976Z"}
{"level":"debug","message":"Call service started","module":"calls","timestamp":"2026-03-31T03:45:37.978Z"}
{"level":"debug","message":"Player Service started","module":"player","timestamp":"2026-03-31T03:45:37.978Z"}
{"level":"info","message":"Loading NPWD Standalone","timestamp":"2026-03-31T03:45:37.978Z"}
{"level":"debug","message":"Boot service started","module":"boot","timestamp":"2026-03-31T03:45:37.978Z"}
{"level":"debug","message":"Messages service started","module":"messages","timestamp":"2026-03-31T03:45:37.978Z"}
{"level":"debug","message":"Notes service started","module":"notes","timestamp":"2026-03-31T03:45:37.978Z"}
{"level":"debug","message":"Contacts service started","module":"contact","timestamp":"2026-03-31T03:45:37.979Z"}
{"level":"debug","message":"Photo service started","module":"photo","timestamp":"2026-03-31T03:45:37.995Z"}
{"level":"debug","message":"Twitter service started","module":"twitter","timestamp":"2026-03-31T03:45:37.996Z"}
{"level":"debug","message":"Match service started","module":"match","timestamp":"2026-03-31T03:45:37.996Z"}
{"level":"debug","message":"Beginning database schema validation","module":"boot","timestamp":"2026-03-31T03:45:38.106Z"}
{"level":"info","message":"Successfully started","timestamp":"2026-03-31T03:45:38.116Z"}
{"level":"info","message":"Executed query (SELECT COUNT(*) as count\n                       FROM information_schema.tables\n                       WHERE table_schema = ?\n                         AND table_name = ? [\"complexo2\",\"summerz_accounts\"]) in 49.3197ms'","module":"DBInterface","timestamp":"2026-03-31T03:45:38.156Z"}
{"level":"info","message":"Executed query (SHOW COLUMNS IN summerz_accounts []) in 2.7714ms'","module":"DBInterface","timestamp":"2026-03-31T03:45:38.158Z"}
{"level":"debug","message":"Marketplace service started","module":"marketplace","timestamp":"2026-03-31T03:46:42.026Z"}
{"level":"debug","message":"Call service started","module":"calls","timestamp":"2026-03-31T03:46:42.027Z"}
{"level":"debug","message":"Player Service started","module":"player","timestamp":"2026-03-31T03:46:42.027Z"}
{"level":"info","message":"Loading NPWD Standalone","timestamp":"2026-03-31T03:46:42.027Z"}
{"level":"debug","message":"Boot service started","module":"boot","timestamp":"2026-03-31T03:46:42.028Z"}
{"level":"debug","message":"Messages service started","module":"messages","timestamp":"2026-03-31T03:46:42.028Z"}
{"level":"debug","message":"Notes service started","module":"notes","timestamp":"2026-03-31T03:46:42.028Z"}
{"level":"debug","message":"Contacts service started","module":"contact","timestamp":"2026-03-31T03:46:42.028Z"}
{"level":"debug","message":"Photo service started","module":"photo","timestamp":"2026-03-31T03:46:42.048Z"}
{"level":"debug","message":"Twitter service started","module":"twitter","timestamp":"2026-03-31T03:46:42.048Z"}
{"level":"debug","message":"Match service started","module":"match","timestamp":"2026-03-31T03:46:42.048Z"}
{"level":"debug","message":"Beginning database schema validation","module":"boot","timestamp":"2026-03-31T03:46:42.153Z"}
{"level":"info","message":"Successfully started","timestamp":"2026-03-31T03:46:42.163Z"}
{"level":"info","message":"Executed query (SELECT COUNT(*) as count\n                       FROM information_schema.tables\n                       WHERE table_schema = ?\n                         AND table_name = ? [\"complexo2\",\"summerz_characters\"]) in 38.933ms'","module":"DBInterface","timestamp":"2026-03-31T03:46:42.192Z"}
{"level":"info","message":"Executed query (SHOW COLUMNS IN summerz_characters []) in 2.2112ms'","module":"DBInterface","timestamp":"2026-03-31T03:46:42.194Z"}
{"level":"debug","message":"Database schema successfully validated","module":"boot","timestamp":"2026-03-31T03:46:42.194Z"}
{"level":"info","message":"Started loading for Linnus (1)","module":"player","timestamp":"2026-03-31T03:47:36.444Z"}
{"level":"info","message":"Executed query (SELECT phone FROM summerz_characters WHERE id = ? LIMIT 1 [\"aa91005b74d8905b0bb65db7ca54b7b58f0f1898\"]) in 168.0692ms'","module":"DBInterface","timestamp":"2026-03-31T03:47:36.613Z"}
{"level":"debug","message":"Find user for number generation data >","module":"player","timestamp":"2026-03-31T03:47:36.613Z"}
{"level":"debug","message":[],"module":"player","timestamp":"2026-03-31T03:47:36.613Z"}
{"level":"debug","message":"Phone number was returned as null, generating new number","module":"player","timestamp":"2026-03-31T03:47:36.614Z"}
{"level":"info","message":"Executed query (SELECT EXISTS(SELECT * FROM summerz_characters WHERE phone = ?) [\"068-322-5538\"]) in 77.3486ms'","module":"DBInterface","timestamp":"2026-03-31T03:47:36.737Z"}
{"level":"debug","message":"Phone number generated > 068-322-5538","module":"player","timestamp":"2026-03-31T03:47:36.737Z"}
{"level":"error","message":"Error executing (UPDATE summerz_characters SET phone = ? WHERE id = ? [\"068-322-5538\",\"aa91005b74d8905b0bb65db7ca54b7b58f0f1898\"]) with error message Truncated incorrect INTEGER value: 'aa91005b74d8905b0bb65db7ca54b7b58f0f1898'","module":"DBInterface","timestamp":"2026-03-31T03:47:36.868Z"}
{"level":"error","message":"Failed to store phone number in database","module":"player","timestamp":"2026-03-31T03:47:36.872Z"}
{"level":"error","message":"UPDATE summerz_characters SET phone = 068-322-5538 WHERE id = aa91005b74d8905b0bb65db7ca54b7b58f0f1898","module":"player","timestamp":"2026-03-31T03:47:36.872Z"}
{"level":"info","message":"NPWD Player Loaded!","module":"player","timestamp":"2026-03-31T03:47:36.873Z"}
{"level":"debug","message":{"_identifier":"aa91005b74d8905b0bb65db7ca54b7b58f0f1898","_phoneNumber":"068-322-5538","source":1,"username":"Linnus"},"module":"player","timestamp":"2026-03-31T03:47:36.873Z"}
{"level":"silly","message":"netPromise > npwd:fetchTweets > RequestObj","module":"events","timestamp":"2026-03-31T03:48:08.343Z"}
{"level":"silly","message":{"data":{"pageId":0},"source":1},"module":"events","timestamp":"2026-03-31T03:48:08.344Z"}
{"level":"error","message":"Error executing (\n        SELECT *\n        FROM npwd_twitter_profiles\n        WHERE identifier = ?\n        LIMIT 1\n\t\t [\"aa91005b74d8905b0bb65db7ca54b7b58f0f1898\"]) with error message Table 'complexo2.npwd_twitter_profiles' doesn't exist","module":"DBInterface","timestamp":"2026-03-31T03:48:08.368Z"}
{"level":"error","message":"Fetching tweets failed, (intermediate value) is not iterable","module":"twitter","source":1,"timestamp":"2026-03-31T03:48:08.371Z"}
{"level":"silly","message":"Response Promise Event npwd:fetchTweets:6adf219f-24e9-4eba-9509-e911610b3f5c (28.7864ms), Data >>","module":"events","timestamp":"2026-03-31T03:48:08.373Z"}
{"level":"silly","message":{"errorMsg":"(intermediate value) is not iterable","status":"error"},"module":"events","timestamp":"2026-03-31T03:48:08.373Z"}
{"level":"silly","message":"netPromise > npwd:getOrCreateTwitterProfile > RequestObj","module":"events","timestamp":"2026-03-31T03:48:08.453Z"}
{"level":"silly","message":{"data":null,"source":1},"module":"events","timestamp":"2026-03-31T03:48:08.454Z"}
{"level":"silly","message":"netPromise > phone:getMyProfile > RequestObj","module":"events","timestamp":"2026-03-31T03:48:08.454Z"}
{"level":"silly","message":{"data":null,"source":1},"module":"events","timestamp":"2026-03-31T03:48:08.454Z"}
{"level":"silly","message":"netPromise > npwd:fetchMessageGroups > RequestObj","module":"events","timestamp":"2026-03-31T03:48:08.456Z"}
{"level":"silly","message":{"data":null,"source":1},"module":"events","timestamp":"2026-03-31T03:48:08.456Z"}
{"level":"silly","message":"netPromise > npwd-contact-getAll > RequestObj","module":"events","timestamp":"2026-03-31T03:48:08.457Z"}
{"level":"silly","message":{"data":null,"source":1},"module":"events","timestamp":"2026-03-31T03:48:08.458Z"}
{"level":"error","message":"Error executing (\n        SELECT *\n        FROM npwd_twitter_profiles\n        WHERE identifier = ?\n        LIMIT 1\n\t\t [\"aa91005b74d8905b0bb65db7ca54b7b58f0f1898\"]) with error message Table 'complexo2.npwd_twitter_profiles' doesn't exist","module":"DBInterface","timestamp":"2026-03-31T03:48:08.469Z"}
{"level":"silly","message":"Response Promise Event npwd:getOrCreateTwitterProfile:104ce5b0-14c7-4466-b86e-79cf0e1a75d3 (17.9255ms), Data >>","module":"events","timestamp":"2026-03-31T03:48:08.471Z"}
{"level":"silly","message":{"errorMsg":"(intermediate value) is not iterable","status":"error"},"module":"events","timestamp":"2026-03-31T03:48:08.471Z"}
{"level":"error","message":"Failed to get or create profile, (intermediate value) is not iterable","module":"twitter","source":1,"timestamp":"2026-03-31T03:48:08.471Z"}
{"level":"error","message":"Error executing (\n        SELECT *,\n               UNIX_TIMESTAMP(updatedAt) AS lastActive\n        FROM npwd_match_profiles\n        WHERE identifier = ?\n        LIMIT 1\n\t\t [\"aa91005b74d8905b0bb65db7ca54b7b58f0f1898\"]) with error message Table 'complexo2.npwd_match_profiles' doesn't exist","module":"DBInterface","timestamp":"2026-03-31T03:48:08.486Z"}
{"level":"error","message":"Failed to get player profile, (intermediate value) is not iterable","module":"match","timestamp":"2026-03-31T03:48:08.487Z"}
{"level":"silly","message":"Response Promise Event phone:getMyProfile:2b218707-1dda-4a2a-ba8c-631acb961d71 (32.9169ms), Data >>","module":"events","timestamp":"2026-03-31T03:48:08.487Z"}
{"level":"silly","message":{"status":"ok"},"module":"events","timestamp":"2026-03-31T03:48:08.487Z"}
{"level":"error","message":"Error executing (SELECT npwd_messages_conversations.id,\n                          npwd_messages_conversations.conversation_list         as conversationList,\n                          npwd_messages_participants.unread_count               as unreadCount,\n                          npwd_messages_conversations.is_group_chat             as isGroupChat,\n                          npwd_messages_conversations.label,\n                          UNIX_TIMESTAMP(npwd_messages_conversations.updatedAt) as updatedAt,\n                          npwd_messages_participants.participant\n                   FROM npwd_messages_conversations\n                            INNER JOIN npwd_messages_participants\n                                       on npwd_messages_conversations.id = npwd_messages_participants.conversation_id\n                   WHERE npwd_messages_participants.participant = ? [\"068-322-5538\"]) with error message Table 'complexo2.npwd_messages_conversations' doesn't exist","module":"DBInterface","timestamp":"2026-03-31T03:48:08.488Z"}
{"level":"silly","message":"Response Promise Event npwd:fetchMessageGroups:49bc259c-110c-46eb-863a-2bfe7e22d8af (33.7434ms), Data >>","module":"events","timestamp":"2026-03-31T03:48:08.490Z"}
{"level":"silly","message":{"errorMsg":"(intermediate value) is not iterable","status":"error"},"module":"events","timestamp":"2026-03-31T03:48:08.490Z"}
{"level":"error","message":"Error executing (SELECT * FROM npwd_phone_contacts WHERE identifier = ? ORDER BY display ASC [\"aa91005b74d8905b0bb65db7ca54b7b58f0f1898\"]) with error message Table 'complexo2.npwd_phone_contacts' doesn't exist","module":"DBInterface","timestamp":"2026-03-31T03:48:08.515Z"}
{"level":"silly","message":"Response Promise Event npwd-contact-getAll:3bfc8176-8ff1-41a2-b914-807e0fd7b130 (58.0318ms), Data >>","module":"events","timestamp":"2026-03-31T03:48:08.516Z"}
{"level":"silly","message":{"errorMsg":"GENERIC_DB_ERROR","status":"error"},"module":"events","timestamp":"2026-03-31T03:48:08.516Z"}
{"level":"error","message":"Error in handleFetchContact (aa91005b74d8905b0bb65db7ca54b7b58f0f1898), (intermediate value) is not iterable","module":"contact","timestamp":"2026-03-31T03:48:08.516Z"}
{"level":"silly","message":"netPromise > npwd:fetchCalls > RequestObj","module":"events","timestamp":"2026-03-31T03:48:21.754Z"}
{"level":"silly","message":{"data":null,"source":1},"module":"events","timestamp":"2026-03-31T03:48:21.754Z"}
{"level":"error","message":"Error executing (SELECT * FROM npwd_calls WHERE receiver = ? OR transmitter = ? ORDER BY id DESC LIMIT ? [\"068-322-5538\",\"068-322-5538\",\"50\"]) with error message Table 'complexo2.npwd_calls' doesn't exist","module":"DBInterface","timestamp":"2026-03-31T03:48:21.759Z"}
{"level":"silly","message":"Response Promise Event npwd:fetchCalls:dc4cba0d-1a75-400d-9b84-84c3fdca689c (6.5425ms), Data >>","module":"events","timestamp":"2026-03-31T03:48:21.761Z"}
{"level":"silly","message":{"errorMsg":"DATABASE_ERROR","status":"error"},"module":"events","timestamp":"2026-03-31T03:48:21.761Z"}
{"level":"silly","message":"netPromise > npwd:createTwitterProfile > RequestObj","module":"events","timestamp":"2026-03-31T03:53:49.253Z"}
{"level":"silly","message":{"data":{"profile_name":"aaa"},"source":1},"module":"events","timestamp":"2026-03-31T03:53:49.253Z"}
{"level":"error","message":"Failed to create twitter profile: Table 'complexo2.npwd_twitter_profiles' doesn't exist","module":"twitter","source":1,"timestamp":"2026-03-31T03:53:49.255Z"}
{"level":"silly","message":"Response Promise Event npwd:createTwitterProfile:40461bdd-10b9-483c-a356-02f04b1c9d38 (3.1866ms), Data >>","module":"events","timestamp":"2026-03-31T03:53:49.256Z"}
{"level":"silly","message":{"errorMsg":"Table 'complexo2.npwd_twitter_profiles' doesn't exist","status":"error"},"module":"events","timestamp":"2026-03-31T03:53:49.256Z"}
{"level":"silly","message":"netPromise > npwd:FetchPhotos > RequestObj","module":"events","timestamp":"2026-03-31T03:53:56.311Z"}
{"level":"silly","message":{"data":null,"source":1},"module":"events","timestamp":"2026-03-31T03:53:56.311Z"}
{"level":"error","message":"Error executing (SELECT id, image FROM npwd_phone_gallery WHERE identifier = ? ORDER BY id DESC [\"aa91005b74d8905b0bb65db7ca54b7b58f0f1898\"]) with error message Table 'complexo2.npwd_phone_gallery' doesn't exist","module":"DBInterface","timestamp":"2026-03-31T03:53:56.315Z"}
{"level":"error","message":"Failed to fetch photos, (intermediate value) is not iterable","module":"photo","source":1,"timestamp":"2026-03-31T03:53:56.316Z"}
{"level":"silly","message":"Response Promise Event npwd:FetchPhotos:e30a4fda-4263-45f1-899c-dd3f6985dbc0 (5.0099ms), Data >>","module":"events","timestamp":"2026-03-31T03:53:56.316Z"}
{"level":"silly","message":{"errorMsg":"GENERIC_DB_ERROR","status":"error"},"module":"events","timestamp":"2026-03-31T03:53:56.316Z"}
{"level":"silly","message":"netPromise > npwd:fetchTweets > RequestObj","module":"events","timestamp":"2026-03-31T03:54:02.153Z"}
{"level":"silly","message":{"data":{"pageId":0},"source":1},"module":"events","timestamp":"2026-03-31T03:54:02.154Z"}
{"level":"error","message":"Error executing (\n        SELECT *\n        FROM npwd_twitter_profiles\n        WHERE identifier = ?\n        LIMIT 1\n\t\t [\"aa91005b74d8905b0bb65db7ca54b7b58f0f1898\"]) with error message Table 'complexo2.npwd_twitter_profiles' doesn't exist","module":"DBInterface","timestamp":"2026-03-31T03:54:02.155Z"}
{"level":"error","message":"Fetching tweets failed, (intermediate value) is not iterable","module":"twitter","source":1,"timestamp":"2026-03-31T03:54:02.155Z"}
{"level":"silly","message":"Response Promise Event npwd:fetchTweets:9ba4f6bc-a02c-4e5d-8387-eb66fe61feb1 (2.1659ms), Data >>","module":"events","timestamp":"2026-03-31T03:54:02.156Z"}
{"level":"silly","message":{"errorMsg":"(intermediate value) is not iterable","status":"error"},"module":"events","timestamp":"2026-03-31T03:54:02.156Z"}
{"level":"silly","message":"netPromise > npwd:getOrCreateTwitterProfile > RequestObj","module":"events","timestamp":"2026-03-31T03:54:02.276Z"}
{"level":"silly","message":{"data":null,"source":1},"module":"events","timestamp":"2026-03-31T03:54:02.276Z"}
{"level":"silly","message":"netPromise > phone:getMyProfile > RequestObj","module":"events","timestamp":"2026-03-31T03:54:02.277Z"}
{"level":"silly","message":{"data":null,"source":1},"module":"events","timestamp":"2026-03-31T03:54:02.277Z"}
{"level":"silly","message":"netPromise > npwd:fetchMessageGroups > RequestObj","module":"events","timestamp":"2026-03-31T03:54:02.277Z"}
{"level":"silly","message":{"data":null,"source":1},"module":"events","timestamp":"2026-03-31T03:54:02.277Z"}
{"level":"silly","message":"netPromise > npwd-contact-getAll > RequestObj","module":"events","timestamp":"2026-03-31T03:54:02.277Z"}
{"level":"silly","message":{"data":null,"source":1},"module":"events","timestamp":"2026-03-31T03:54:02.277Z"}
{"level":"error","message":"Error executing (\n        SELECT *\n        FROM npwd_twitter_profiles\n        WHERE identifier = ?\n        LIMIT 1\n\t\t [\"aa91005b74d8905b0bb65db7ca54b7b58f0f1898\"]) with error message Table 'complexo2.npwd_twitter_profiles' doesn't exist","module":"DBInterface","timestamp":"2026-03-31T03:54:02.280Z"}
{"level":"silly","message":"Response Promise Event npwd:getOrCreateTwitterProfile:347209af-3b9a-407f-b19d-1a0da8fb1221 (4.4481ms), Data >>","module":"events","timestamp":"2026-03-31T03:54:02.281Z"}
{"level":"silly","message":{"errorMsg":"(intermediate value) is not iterable","status":"error"},"module":"events","timestamp":"2026-03-31T03:54:02.281Z"}
{"level":"error","message":"Failed to get or create profile, (intermediate value) is not iterable","module":"twitter","source":1,"timestamp":"2026-03-31T03:54:02.281Z"}
{"level":"error","message":"Error executing (\n        SELECT *,\n               UNIX_TIMESTAMP(updatedAt) AS lastActive\n        FROM npwd_match_profiles\n        WHERE identifier = ?\n        LIMIT 1\n\t\t [\"aa91005b74d8905b0bb65db7ca54b7b58f0f1898\"]) with error message Table 'complexo2.npwd_match_profiles' doesn't exist","module":"DBInterface","timestamp":"2026-03-31T03:54:02.282Z"}
{"level":"error","message":"Failed to get player profile, (intermediate value) is not iterable","module":"match","timestamp":"2026-03-31T03:54:02.282Z"}
{"level":"silly","message":"Response Promise Event phone:getMyProfile:b615e050-b7a3-48e3-bc45-6871ab4e4685 (5.6885ms), Data >>","module":"events","timestamp":"2026-03-31T03:54:02.282Z"}
{"level":"silly","message":{"status":"ok"},"module":"events","timestamp":"2026-03-31T03:54:02.282Z"}
{"level":"silly","message":"Response Promise Event npwd-contact-getAll:f051320e-0aee-40c2-b4b0-760264c51110 (6.0469ms), Data >>","module":"events","timestamp":"2026-03-31T03:54:02.283Z"}
{"level":"silly","message":{"errorMsg":"GENERIC_DB_ERROR","status":"error"},"module":"events","timestamp":"2026-03-31T03:54:02.283Z"}
{"level":"error","message":"Error in handleFetchContact (aa91005b74d8905b0bb65db7ca54b7b58f0f1898), (intermediate value) is not iterable","module":"contact","timestamp":"2026-03-31T03:54:02.283Z"}
{"level":"error","message":"Error executing (SELECT * FROM npwd_phone_contacts WHERE identifier = ? ORDER BY display ASC [\"aa91005b74d8905b0bb65db7ca54b7b58f0f1898\"]) with error message Table 'complexo2.npwd_phone_contacts' doesn't exist","module":"DBInterface","timestamp":"2026-03-31T03:54:02.283Z"}
{"level":"silly","message":"Response Promise Event npwd:fetchMessageGroups:4cdea4de-e07e-49f9-a4ff-f6a5fd13ae83 (7.8729ms), Data >>","module":"events","timestamp":"2026-03-31T03:54:02.285Z"}
{"level":"silly","message":{"errorMsg":"(intermediate value) is not iterable","status":"error"},"module":"events","timestamp":"2026-03-31T03:54:02.285Z"}
{"level":"error","message":"Error executing (SELECT npwd_messages_conversations.id,\n                          npwd_messages_conversations.conversation_list         as conversationList,\n                          npwd_messages_participants.unread_count               as unreadCount,\n                          npwd_messages_conversations.is_group_chat             as isGroupChat,\n                          npwd_messages_conversations.label,\n                          UNIX_TIMESTAMP(npwd_messages_conversations.updatedAt) as updatedAt,\n                          npwd_messages_participants.participant\n                   FROM npwd_messages_conversations\n                            INNER JOIN npwd_messages_participants\n                                       on npwd_messages_conversations.id = npwd_messages_participants.conversation_id\n                   WHERE npwd_messages_participants.participant = ? [\"068-322-5538\"]) with error message Table 'complexo2.npwd_messages_conversations' doesn't exist","module":"DBInterface","timestamp":"2026-03-31T03:54:02.284Z"}
{"level":"silly","message":"netPromise > npwd:FetchPhotos > RequestObj","module":"events","timestamp":"2026-03-31T03:54:02.463Z"}
{"level":"silly","message":{"data":null,"source":1},"module":"events","timestamp":"2026-03-31T03:54:02.463Z"}
{"level":"error","message":"Error executing (SELECT id, image FROM npwd_phone_gallery WHERE identifier = ? ORDER BY id DESC [\"aa91005b74d8905b0bb65db7ca54b7b58f0f1898\"]) with error message Table 'complexo2.npwd_phone_gallery' doesn't exist","module":"DBInterface","timestamp":"2026-03-31T03:54:02.466Z"}
{"level":"error","message":"Failed to fetch photos, (intermediate value) is not iterable","module":"photo","source":1,"timestamp":"2026-03-31T03:54:02.467Z"}
{"level":"silly","message":"Response Promise Event npwd:FetchPhotos:9530e683-7448-484b-8844-8d3a8f9956b5 (4.6487ms), Data >>","module":"events","timestamp":"2026-03-31T03:54:02.468Z"}
{"level":"silly","message":{"errorMsg":"GENERIC_DB_ERROR","status":"error"},"module":"events","timestamp":"2026-03-31T03:54:02.468Z"}
{"level":"silly","message":"netPromise > npwd:fetchTweets > RequestObj","module":"events","timestamp":"2026-03-31T03:54:26.630Z"}
{"level":"silly","message":{"data":{"pageId":0},"source":1},"module":"events","timestamp":"2026-03-31T03:54:26.631Z"}
{"level":"error","message":"Error executing (\n        SELECT *\n        FROM npwd_twitter_profiles\n        WHERE identifier = ?\n        LIMIT 1\n\t\t [\"aa91005b74d8905b0bb65db7ca54b7b58f0f1898\"]) with error message Table 'complexo2.npwd_twitter_profiles' doesn't exist","module":"DBInterface","timestamp":"2026-03-31T03:54:26.633Z"}
{"level":"error","message":"Fetching tweets failed, (intermediate value) is not iterable","module":"twitter","source":1,"timestamp":"2026-03-31T03:54:26.633Z"}
{"level":"silly","message":"Response Promise Event npwd:fetchTweets:c8645c18-c034-4b22-92c7-6fd77df51108 (3.3018ms), Data >>","module":"events","timestamp":"2026-03-31T03:54:26.634Z"}
{"level":"silly","message":{"errorMsg":"(intermediate value) is not iterable","status":"error"},"module":"events","timestamp":"2026-03-31T03:54:26.634Z"}
{"level":"silly","message":"netPromise > npwd:getOrCreateTwitterProfile > RequestObj","module":"events","timestamp":"2026-03-31T03:54:26.692Z"}
{"level":"silly","message":{"data":null,"source":1},"module":"events","timestamp":"2026-03-31T03:54:26.692Z"}
{"level":"silly","message":"netPromise > phone:getMyProfile > RequestObj","module":"events","timestamp":"2026-03-31T03:54:26.692Z"}
{"level":"silly","message":{"data":null,"source":1},"module":"events","timestamp":"2026-03-31T03:54:26.692Z"}
{"level":"silly","message":"netPromise > npwd:fetchMessageGroups > RequestObj","module":"events","timestamp":"2026-03-31T03:54:26.693Z"}
{"level":"silly","message":{"data":null,"source":1},"module":"events","timestamp":"2026-03-31T03:54:26.693Z"}
{"level":"silly","message":"netPromise > npwd-contact-getAll > RequestObj","module":"events","timestamp":"2026-03-31T03:54:26.693Z"}
{"level":"silly","message":{"data":null,"source":1},"module":"events","timestamp":"2026-03-31T03:54:26.693Z"}
{"level":"error","message":"Error executing (\n        SELECT *\n        FROM npwd_twitter_profiles\n        WHERE identifier = ?\n        LIMIT 1\n\t\t [\"aa91005b74d8905b0bb65db7ca54b7b58f0f1898\"]) with error message Table 'complexo2.npwd_twitter_profiles' doesn't exist","module":"DBInterface","timestamp":"2026-03-31T03:54:26.695Z"}
{"level":"silly","message":"Response Promise Event npwd:getOrCreateTwitterProfile:d3376ad2-12df-48cb-ae64-7895024a0105 (3.5076ms), Data >>","module":"events","timestamp":"2026-03-31T03:54:26.695Z"}
{"level":"error","message":"Error executing (SELECT * FROM npwd_phone_contacts WHERE identifier = ? ORDER BY display ASC [\"aa91005b74d8905b0bb65db7ca54b7b58f0f1898\"]) with error message Table 'complexo2.npwd_phone_contacts' doesn't exist","module":"DBInterface","timestamp":"2026-03-31T03:54:26.696Z"}
{"level":"error","message":"Error executing (SELECT npwd_messages_conversations.id,\n                          npwd_messages_conversations.conversation_list         as conversationList,\n                          npwd_messages_participants.unread_count               as unreadCount,\n                          npwd_messages_conversations.is_group_chat             as isGroupChat,\n                          npwd_messages_conversations.label,\n                          UNIX_TIMESTAMP(npwd_messages_conversations.updatedAt) as updatedAt,\n                          npwd_messages_participants.participant\n                   FROM npwd_messages_conversations\n                            INNER JOIN npwd_messages_participants\n                                       on npwd_messages_conversations.id = npwd_messages_participants.conversation_id\n                   WHERE npwd_messages_participants.participant = ? [\"068-322-5538\"]) with error message Table 'complexo2.npwd_messages_conversations' doesn't exist","module":"DBInterface","timestamp":"2026-03-31T03:54:26.697Z"}
{"level":"error","message":"Error executing (\n        SELECT *,\n               UNIX_TIMESTAMP(updatedAt) AS lastActive\n        FROM npwd_match_profiles\n        WHERE identifier = ?\n        LIMIT 1\n\t\t [\"aa91005b74d8905b0bb65db7ca54b7b58f0f1898\"]) with error message Table 'complexo2.npwd_match_profiles' doesn't exist","module":"DBInterface","timestamp":"2026-03-31T03:54:26.698Z"}
{"level":"silly","message":{"errorMsg":"(intermediate value) is not iterable","status":"error"},"module":"events","timestamp":"2026-03-31T03:54:26.695Z"}
{"level":"error","message":"Failed to get or create profile, (intermediate value) is not iterable","module":"twitter","source":1,"timestamp":"2026-03-31T03:54:26.696Z"}
{"level":"silly","message":"Response Promise Event npwd-contact-getAll:28b38bd4-aca9-4225-a75d-24ebc45101b9 (3.3543ms), Data >>","module":"events","timestamp":"2026-03-31T03:54:26.696Z"}
{"level":"silly","message":{"errorMsg":"GENERIC_DB_ERROR","status":"error"},"module":"events","timestamp":"2026-03-31T03:54:26.696Z"}
{"level":"error","message":"Error in handleFetchContact (aa91005b74d8905b0bb65db7ca54b7b58f0f1898), (intermediate value) is not iterable","module":"contact","timestamp":"2026-03-31T03:54:26.696Z"}
{"level":"silly","message":"Response Promise Event npwd:fetchMessageGroups:db66d8a9-526e-4711-ac5c-ca66368e793f (4.6103ms), Data >>","module":"events","timestamp":"2026-03-31T03:54:26.697Z"}
{"level":"silly","message":{"errorMsg":"(intermediate value) is not iterable","status":"error"},"module":"events","timestamp":"2026-03-31T03:54:26.697Z"}
{"level":"error","message":"Failed to get player profile, (intermediate value) is not iterable","module":"match","timestamp":"2026-03-31T03:54:26.698Z"}
{"level":"silly","message":"Response Promise Event phone:getMyProfile:a627f96e-805a-4c14-94bb-bacde4f265f6 (5.8394ms), Data >>","module":"events","timestamp":"2026-03-31T03:54:26.698Z"}
{"level":"silly","message":{"status":"ok"},"module":"events","timestamp":"2026-03-31T03:54:26.698Z"}
{"level":"silly","message":"netPromise > npwd:FetchPhotos > RequestObj","module":"events","timestamp":"2026-03-31T03:54:26.818Z"}
{"level":"silly","message":{"data":null,"source":1},"module":"events","timestamp":"2026-03-31T03:54:26.818Z"}
{"level":"error","message":"Error executing (SELECT id, image FROM npwd_phone_gallery WHERE identifier = ? ORDER BY id DESC [\"aa91005b74d8905b0bb65db7ca54b7b58f0f1898\"]) with error message Table 'complexo2.npwd_phone_gallery' doesn't exist","module":"DBInterface","timestamp":"2026-03-31T03:54:26.819Z"}
{"level":"error","message":"Failed to fetch photos, (intermediate value) is not iterable","module":"photo","source":1,"timestamp":"2026-03-31T03:54:26.820Z"}
{"level":"silly","message":"Response Promise Event npwd:FetchPhotos:11122e3f-ea8c-46f5-9954-4ec68ee558be (2.7502ms), Data >>","module":"events","timestamp":"2026-03-31T03:54:26.820Z"}
{"level":"silly","message":{"errorMsg":"GENERIC_DB_ERROR","status":"error"},"module":"events","timestamp":"2026-03-31T03:54:26.820Z"}
{"level":"error","message":"Error executing (SELECT id FROM npwd_marketplace_listings WHERE identifier = ? [\"aa91005b74d8905b0bb65db7ca54b7b58f0f1898\"]) with error message Table 'complexo2.npwd_marketplace_listings' doesn't exist","module":"DBInterface","timestamp":"2026-03-31T03:54:37.876Z"}
{"level":"error","message":"Error when deleting listings on player drop, (intermediate value) is not iterable","module":"marketplace","timestamp":"2026-03-31T03:54:37.876Z"}
{"level":"info","message":"Unloaded NPWD Player, source: (1)","module":"player","timestamp":"2026-03-31T03:54:37.877Z"}
{"level":"debug","message":"Marketplace service started","module":"marketplace","timestamp":"2026-04-06T12:30:52.753Z"}
{"level":"debug","message":"Call service started","module":"calls","timestamp":"2026-04-06T12:30:52.755Z"}
{"level":"debug","message":"Player Service started","module":"player","timestamp":"2026-04-06T12:30:52.755Z"}
{"level":"info","message":"Loading NPWD Standalone","timestamp":"2026-04-06T12:30:52.755Z"}
{"level":"debug","message":"Boot service started","module":"boot","timestamp":"2026-04-06T12:30:52.755Z"}
{"level":"debug","message":"Messages service started","module":"messages","timestamp":"2026-04-06T12:30:52.756Z"}
{"level":"debug","message":"Notes service started","module":"notes","timestamp":"2026-04-06T12:30:52.756Z"}
{"level":"debug","message":"Contacts service started","module":"contact","timestamp":"2026-04-06T12:30:52.756Z"}
{"level":"debug","message":"Photo service started","module":"photo","timestamp":"2026-04-06T12:30:52.775Z"}
{"level":"debug","message":"Twitter service started","module":"twitter","timestamp":"2026-04-06T12:30:52.775Z"}
{"level":"debug","message":"Match service started","module":"match","timestamp":"2026-04-06T12:30:52.775Z"}
{"level":"debug","message":"Beginning database schema validation","module":"boot","timestamp":"2026-04-06T12:30:53.060Z"}
{"level":"info","message":"Successfully started","timestamp":"2026-04-06T12:30:53.070Z"}
{"level":"info","message":"Executed query (SELECT COUNT(*) as count\n                       FROM information_schema.tables\n                       WHERE table_schema = ?\n                         AND table_name = ? [\"complexo2\",\"summerz_characters\"]) in 160.5328ms'","module":"DBInterface","timestamp":"2026-04-06T12:30:53.221Z"}
{"level":"info","message":"Executed query (SHOW COLUMNS IN summerz_characters []) in 12.1665ms'","module":"DBInterface","timestamp":"2026-04-06T12:30:53.234Z"}
{"level":"debug","message":"Database schema successfully validated","module":"boot","timestamp":"2026-04-06T12:30:53.234Z"}
{"level":"info","message":"Started loading for Linnus (1)","module":"player","timestamp":"2026-04-06T12:32:51.436Z"}
{"level":"info","message":"Executed query (SELECT phone FROM summerz_characters WHERE id = ? LIMIT 1 [\"aa91005b74d8905b0bb65db7ca54b7b58f0f1898\"]) in 59.3824ms'","module":"DBInterface","timestamp":"2026-04-06T12:32:51.496Z"}
{"level":"debug","message":"Find user for number generation data >","module":"player","timestamp":"2026-04-06T12:32:51.496Z"}
{"level":"debug","message":[],"module":"player","timestamp":"2026-04-06T12:32:51.497Z"}
{"level":"debug","message":"Phone number was returned as null, generating new number","module":"player","timestamp":"2026-04-06T12:32:51.497Z"}
{"level":"info","message":"Executed query (SELECT EXISTS(SELECT * FROM summerz_characters WHERE phone = ?) [\"703-293-1978\"]) in 27.2148ms'","module":"DBInterface","timestamp":"2026-04-06T12:32:51.525Z"}
{"level":"debug","message":"Phone number generated > 703-293-1978","module":"player","timestamp":"2026-04-06T12:32:51.525Z"}
{"level":"error","message":"Error executing (UPDATE summerz_characters SET phone = ? WHERE id = ? [\"703-293-1978\",\"aa91005b74d8905b0bb65db7ca54b7b58f0f1898\"]) with error message Truncated incorrect INTEGER value: 'aa91005b74d8905b0bb65db7ca54b7b58f0f1898'","module":"DBInterface","timestamp":"2026-04-06T12:32:51.537Z"}
{"level":"error","message":"Failed to store phone number in database","module":"player","timestamp":"2026-04-06T12:32:51.547Z"}
{"level":"error","message":"UPDATE summerz_characters SET phone = 703-293-1978 WHERE id = aa91005b74d8905b0bb65db7ca54b7b58f0f1898","module":"player","timestamp":"2026-04-06T12:32:51.549Z"}
{"level":"info","message":"NPWD Player Loaded!","module":"player","timestamp":"2026-04-06T12:32:51.549Z"}
{"level":"debug","message":{"_identifier":"aa91005b74d8905b0bb65db7ca54b7b58f0f1898","_phoneNumber":"703-293-1978","source":1,"username":"Linnus"},"module":"player","timestamp":"2026-04-06T12:32:51.551Z"}
{"level":"silly","message":"netPromise > npwd:fetchTweets > RequestObj","module":"events","timestamp":"2026-04-06T12:33:31.993Z"}
{"level":"silly","message":{"data":{"pageId":0},"source":1},"module":"events","timestamp":"2026-04-06T12:33:31.993Z"}
{"level":"error","message":"Error executing (\n        SELECT *\n        FROM npwd_twitter_profiles\n        WHERE identifier = ?\n        LIMIT 1\n\t\t [\"aa91005b74d8905b0bb65db7ca54b7b58f0f1898\"]) with error message Table 'complexo2.npwd_twitter_profiles' doesn't exist","module":"DBInterface","timestamp":"2026-04-06T12:33:32.053Z"}
{"level":"error","message":"Fetching tweets failed, (intermediate value) is not iterable","module":"twitter","source":1,"timestamp":"2026-04-06T12:33:32.055Z"}
{"level":"silly","message":"Response Promise Event npwd:fetchTweets:885975df-8983-43a9-b45b-c888ddaa375f (63.6074ms), Data >>","module":"events","timestamp":"2026-04-06T12:33:32.057Z"}
{"level":"silly","message":{"errorMsg":"(intermediate value) is not iterable","status":"error"},"module":"events","timestamp":"2026-04-06T12:33:32.057Z"}
{"level":"silly","message":"netPromise > npwd:getOrCreateTwitterProfile > RequestObj","module":"events","timestamp":"2026-04-06T12:33:32.180Z"}
{"level":"silly","message":{"data":null,"source":1},"module":"events","timestamp":"2026-04-06T12:33:32.181Z"}
{"level":"silly","message":"netPromise > phone:getMyProfile > RequestObj","module":"events","timestamp":"2026-04-06T12:33:32.181Z"}
{"level":"silly","message":{"data":null,"source":1},"module":"events","timestamp":"2026-04-06T12:33:32.181Z"}
{"level":"silly","message":"netPromise > npwd:fetchMessageGroups > RequestObj","module":"events","timestamp":"2026-04-06T12:33:32.185Z"}
{"level":"silly","message":{"data":null,"source":1},"module":"events","timestamp":"2026-04-06T12:33:32.185Z"}
{"level":"silly","message":"netPromise > npwd-contact-getAll > RequestObj","module":"events","timestamp":"2026-04-06T12:33:32.186Z"}
{"level":"silly","message":{"data":null,"source":1},"module":"events","timestamp":"2026-04-06T12:33:32.186Z"}
{"level":"error","message":"Error executing (\n        SELECT *\n        FROM npwd_twitter_profiles\n        WHERE identifier = ?\n        LIMIT 1\n\t\t [\"aa91005b74d8905b0bb65db7ca54b7b58f0f1898\"]) with error message Table 'complexo2.npwd_twitter_profiles' doesn't exist","module":"DBInterface","timestamp":"2026-04-06T12:33:32.192Z"}
{"level":"silly","message":"Response Promise Event npwd:getOrCreateTwitterProfile:284f14cc-01e6-415a-9df7-1e4863e624da (12.2683ms), Data >>","module":"events","timestamp":"2026-04-06T12:33:32.193Z"}
{"level":"silly","message":{"errorMsg":"(intermediate value) is not iterable","status":"error"},"module":"events","timestamp":"2026-04-06T12:33:32.193Z"}
{"level":"error","message":"Failed to get or create profile, (intermediate value) is not iterable","module":"twitter","source":1,"timestamp":"2026-04-06T12:33:32.194Z"}
{"level":"error","message":"Error executing (SELECT * FROM npwd_phone_contacts WHERE identifier = ? ORDER BY display ASC [\"aa91005b74d8905b0bb65db7ca54b7b58f0f1898\"]) with error message Table 'complexo2.npwd_phone_contacts' doesn't exist","module":"DBInterface","timestamp":"2026-04-06T12:33:32.233Z"}
{"level":"silly","message":"Response Promise Event npwd-contact-getAll:f562d712-bb50-4fda-a83f-4dfce8dd2c4c (47.746ms), Data >>","module":"events","timestamp":"2026-04-06T12:33:32.235Z"}
{"level":"silly","message":{"errorMsg":"GENERIC_DB_ERROR","status":"error"},"module":"events","timestamp":"2026-04-06T12:33:32.235Z"}
{"level":"error","message":"Error in handleFetchContact (aa91005b74d8905b0bb65db7ca54b7b58f0f1898), (intermediate value) is not iterable","module":"contact","timestamp":"2026-04-06T12:33:32.236Z"}
{"level":"error","message":"Error executing (SELECT npwd_messages_conversations.id,\n                          npwd_messages_conversations.conversation_list         as conversationList,\n                          npwd_messages_participants.unread_count               as unreadCount,\n                          npwd_messages_conversations.is_group_chat             as isGroupChat,\n                          npwd_messages_conversations.label,\n                          UNIX_TIMESTAMP(npwd_messages_conversations.updatedAt) as updatedAt,\n                          npwd_messages_participants.participant\n                   FROM npwd_messages_conversations\n                            INNER JOIN npwd_messages_participants\n                                       on npwd_messages_conversations.id = npwd_messages_participants.conversation_id\n                   WHERE npwd_messages_participants.participant = ? [\"703-293-1978\"]) with error message Table 'complexo2.npwd_messages_conversations' doesn't exist","module":"DBInterface","timestamp":"2026-04-06T12:33:32.242Z"}
{"level":"silly","message":"Response Promise Event npwd:fetchMessageGroups:a20df97a-00b3-4fac-9322-01da7d7963a8 (58.5337ms), Data >>","module":"events","timestamp":"2026-04-06T12:33:32.244Z"}
{"level":"error","message":"Error executing (\n        SELECT *,\n               UNIX_TIMESTAMP(updatedAt) AS lastActive\n        FROM npwd_match_profiles\n        WHERE identifier = ?\n        LIMIT 1\n\t\t [\"aa91005b74d8905b0bb65db7ca54b7b58f0f1898\"]) with error message Table 'complexo2.npwd_match_profiles' doesn't exist","module":"DBInterface","timestamp":"2026-04-06T12:33:32.247Z"}
{"level":"silly","message":{"errorMsg":"(intermediate value) is not iterable","status":"error"},"module":"events","timestamp":"2026-04-06T12:33:32.245Z"}
{"level":"error","message":"Failed to get player profile, (intermediate value) is not iterable","module":"match","timestamp":"2026-04-06T12:33:32.248Z"}
{"level":"silly","message":"Response Promise Event phone:getMyProfile:d86a2637-7d6d-426d-9eb9-07d8618f0b28 (67.4634ms), Data >>","module":"events","timestamp":"2026-04-06T12:33:32.250Z"}
{"level":"silly","message":{"status":"ok"},"module":"events","timestamp":"2026-04-06T12:33:32.250Z"}
{"level":"error","message":"Error executing (SELECT id FROM npwd_marketplace_listings WHERE identifier = ? [\"aa91005b74d8905b0bb65db7ca54b7b58f0f1898\"]) with error message Table 'complexo2.npwd_marketplace_listings' doesn't exist","module":"DBInterface","timestamp":"2026-04-06T12:33:44.590Z"}
{"level":"error","message":"Error when deleting listings on player drop, (intermediate value) is not iterable","module":"marketplace","timestamp":"2026-04-06T12:33:44.590Z"}
{"level":"info","message":"Unloaded NPWD Player, source: (1)","module":"player","timestamp":"2026-04-06T12:33:44.591Z"}
